// Vitest Snapshot v1, https://vitest.dev/guide/snapshot.html

exports[`moves calendar entries and saves file 1`] = `"Calendar events updated and saved in __tests__/ical-move-events-input-calendar-moved.ics"`;

exports[`moves calendar entries and saves file 2`] = `
"BEGIN:VCALENDAR
VERSION:2.0
PRODID:-//sebbo.net//ical-generator//EN
BEGIN:VEVENT

SEQUENCE:0
DTSTAMP:
DTSTART;TZID=Europe/Vienna:20210823T000000
DTEND;TZID=Europe/Vienna:20210826T000000
SUMMARY:🏗 Project 1 (3 days)
DESCRIPTION:
END:VEVENT
BEGIN:VEVENT

SEQUENCE:0
DTSTAMP:
DTSTART;TZID=Europe/Vienna:20210823T090000
DTEND;TZID=Europe/Vienna:20210823T123000
SUMMARY:🧑‍🏫 Lecture 1
DESCRIPTION:
END:VEVENT
BEGIN:VEVENT

SEQUENCE:0
DTSTAMP:
DTSTART;TZID=Europe/Vienna:20210823T123000
DTEND;TZID=Europe/Vienna:20210823T180000
SUMMARY:Project Time 1
DESCRIPTION:
END:VEVENT
BEGIN:VEVENT

SEQUENCE:0
DTSTAMP:
DTSTART;TZID=Europe/Vienna:20210824T000000
DTEND;TZID=Europe/Vienna:20210827T000000
SUMMARY:🏗 Project 2 (stretch) (3 days)
DESCRIPTION:
END:VEVENT
BEGIN:VEVENT

SEQUENCE:0
DTSTAMP:
DTSTART;TZID=Europe/Vienna:20210824T090000
DTEND;TZID=Europe/Vienna:20210824T093000
RRULE:FREQ=WEEKLY;INTERVAL=1;WKST=MO;UNTIL=20211217T225959;BYDAY=FR,MO,TH,
 TU,WE
SUMMARY:Standup (repeating)
DESCRIPTION:
END:VEVENT
BEGIN:VEVENT

SEQUENCE:0
DTSTAMP:
DTSTART;TZID=Europe/Vienna:20210824T093000
DTEND;TZID=Europe/Vienna:20210824T123000
SUMMARY:🧑‍🏫 Lecture 2
DESCRIPTION:
END:VEVENT
BEGIN:VEVENT

SEQUENCE:0
DTSTAMP:
DTSTART;TZID=Europe/Vienna:20210824T123000
DTEND;TZID=Europe/Vienna:20210824T180000
SUMMARY:Project Time 2
DESCRIPTION:
END:VEVENT
BEGIN:VEVENT

SEQUENCE:0
DTSTAMP:
DTSTART;TZID=Europe/Vienna:20210825T093000
DTEND;TZID=Europe/Vienna:20210825T123000
SUMMARY:🧑‍🏫 Lecture 3
DESCRIPTION:
END:VEVENT
BEGIN:VEVENT

SEQUENCE:0
DTSTAMP:
DTSTART;TZID=Europe/Vienna:20210825T123000
DTEND;TZID=Europe/Vienna:20210825T180000
SUMMARY:Project Time 3
DESCRIPTION:
END:VEVENT
BEGIN:VEVENT

SEQUENCE:0
DTSTAMP:
DTSTART;TZID=Europe/Vienna:20210826T000000
DTEND;TZID=Europe/Vienna:20210903T000000
SUMMARY:🏗 Project 3 (6 days)
DESCRIPTION:
END:VEVENT
BEGIN:VEVENT

SEQUENCE:0
DTSTAMP:
DTSTART;TZID=Europe/Vienna:20210826T093000
DTEND;TZID=Europe/Vienna:20210826T123000
SUMMARY:🧑‍🏫 Lecture 4
DESCRIPTION:
END:VEVENT
BEGIN:VEVENT

SEQUENCE:0
DTSTAMP:
DTSTART;TZID=Europe/Vienna:20210826T123000
DTEND;TZID=Europe/Vienna:20210826T180000
SUMMARY:Project Time 4
DESCRIPTION:
END:VEVENT
BEGIN:VEVENT

SEQUENCE:0
DTSTAMP:
DTSTART;TZID=Europe/Vienna:20210827T093000
DTEND;TZID=Europe/Vienna:20210827T123000
SUMMARY:🧑‍🏫 Lecture 5
DESCRIPTION:
END:VEVENT
BEGIN:VEVENT

SEQUENCE:0
DTSTAMP:
DTSTART;TZID=Europe/Vienna:20210827T123000
DTEND;TZID=Europe/Vienna:20210827T170000
SUMMARY:Project Time 5
DESCRIPTION:
END:VEVENT
BEGIN:VEVENT

SEQUENCE:0
DTSTAMP:
DTSTART;TZID=Europe/Vienna:20210827T170000
DTEND;TZID=Europe/Vienna:20210827T180000
SUMMARY:Retro 1
DESCRIPTION:---\\\\nstartDate: { day: 'last'\\\\, week: 1 }\\\\n---
END:VEVENT
BEGIN:VEVENT

SEQUENCE:0
DTSTAMP:
DTSTART;TZID=Europe/Vienna:20210830T093000
DTEND;TZID=Europe/Vienna:20210830T123000
SUMMARY:🧑‍🏫 Lecture 6
DESCRIPTION:
END:VEVENT
BEGIN:VEVENT

SEQUENCE:0
DTSTAMP:
DTSTART;TZID=Europe/Vienna:20210830T123000
DTEND;TZID=Europe/Vienna:20210830T180000
SUMMARY:Project Time 6
DESCRIPTION:
END:VEVENT
BEGIN:VEVENT

SEQUENCE:0
DTSTAMP:
DTSTART;TZID=Europe/Vienna:20210831T093000
DTEND;TZID=Europe/Vienna:20210831T180000
SUMMARY:Project Time 7
DESCRIPTION:
END:VEVENT
BEGIN:VEVENT

SEQUENCE:0
DTSTAMP:
DTSTART;TZID=Europe/Vienna:20210901T093000
DTEND;TZID=Europe/Vienna:20210901T180000
SUMMARY:Project Time 8
DESCRIPTION:
END:VEVENT
BEGIN:VEVENT

SEQUENCE:0
DTSTAMP:
DTSTART;TZID=Europe/Vienna:20210902T093000
DTEND;TZID=Europe/Vienna:20210902T170000
SUMMARY:Project Time 9
DESCRIPTION:
END:VEVENT
BEGIN:VEVENT

SEQUENCE:0
DTSTAMP:
DTSTART;TZID=Europe/Vienna:20210902T170000
DTEND;TZID=Europe/Vienna:20210902T180000
SUMMARY:Retro 2
DESCRIPTION:---\\\\nstartDate: { day: 'last'\\\\, week: 2 }\\\\n---
END:VEVENT
END:VCALENDAR"
`;

exports[`moves calendar entries and saves file, taking into account holiday and timezone change from Daylight Savings Time 1`] = `"Calendar events updated and saved in __tests__/ical-move-events-input-calendar-moved.ics"`;

exports[`moves calendar entries and saves file, taking into account holiday and timezone change from Daylight Savings Time 2`] = `
"BEGIN:VCALENDAR
VERSION:2.0
PRODID:-//sebbo.net//ical-generator//EN
BEGIN:VEVENT

SEQUENCE:0
DTSTAMP:
DTSTART;TZID=Europe/Vienna:20211101T000000
DTEND;TZID=Europe/Vienna:20211104T000000
SUMMARY:🏗 Project 1 (3 days)
DESCRIPTION:
END:VEVENT
BEGIN:VEVENT

SEQUENCE:0
DTSTAMP:
DTSTART;TZID=Europe/Vienna:20211101T090000
DTEND;TZID=Europe/Vienna:20211101T123000
SUMMARY:🧑‍🏫 Lecture 1
DESCRIPTION:
END:VEVENT
BEGIN:VEVENT

SEQUENCE:0
DTSTAMP:
DTSTART;TZID=Europe/Vienna:20211101T123000
DTEND;TZID=Europe/Vienna:20211101T180000
SUMMARY:Project Time 1
DESCRIPTION:
END:VEVENT
BEGIN:VEVENT

SEQUENCE:0
DTSTAMP:
DTSTART;TZID=Europe/Vienna:20211102T000000
DTEND;TZID=Europe/Vienna:20211105T000000
SUMMARY:🏗 Project 2 (stretch) (3 days)
DESCRIPTION:
END:VEVENT
BEGIN:VEVENT

SEQUENCE:0
DTSTAMP:
DTSTART;TZID=Europe/Vienna:20211102T090000
DTEND;TZID=Europe/Vienna:20211102T093000
RRULE:FREQ=WEEKLY;INTERVAL=1;WKST=MO;UNTIL=20220225T225959;BYDAY=FR,MO,TH,
 TU,WE
SUMMARY:Standup (repeating)
DESCRIPTION:
END:VEVENT
BEGIN:VEVENT

SEQUENCE:0
DTSTAMP:
DTSTART;TZID=Europe/Vienna:20211102T093000
DTEND;TZID=Europe/Vienna:20211102T123000
SUMMARY:🧑‍🏫 Lecture 2
DESCRIPTION:
END:VEVENT
BEGIN:VEVENT

SEQUENCE:0
DTSTAMP:
DTSTART;TZID=Europe/Vienna:20211102T123000
DTEND;TZID=Europe/Vienna:20211102T180000
SUMMARY:Project Time 2
DESCRIPTION:
END:VEVENT
BEGIN:VEVENT

SEQUENCE:0
DTSTAMP:
DTSTART;TZID=Europe/Vienna:20211103T093000
DTEND;TZID=Europe/Vienna:20211103T123000
SUMMARY:🧑‍🏫 Lecture 3
DESCRIPTION:
END:VEVENT
BEGIN:VEVENT

SEQUENCE:0
DTSTAMP:
DTSTART;TZID=Europe/Vienna:20211103T123000
DTEND;TZID=Europe/Vienna:20211103T180000
SUMMARY:Project Time 3
DESCRIPTION:
END:VEVENT
BEGIN:VEVENT

SEQUENCE:0
DTSTAMP:
DTSTART;TZID=Europe/Vienna:20211104T000000
DTEND;TZID=Europe/Vienna:20211112T000000
SUMMARY:🏗 Project 3 (6 days)
DESCRIPTION:
END:VEVENT
BEGIN:VEVENT

SEQUENCE:0
DTSTAMP:
DTSTART;TZID=Europe/Vienna:20211104T093000
DTEND;TZID=Europe/Vienna:20211104T123000
SUMMARY:🧑‍🏫 Lecture 4
DESCRIPTION:
END:VEVENT
BEGIN:VEVENT

SEQUENCE:0
DTSTAMP:
DTSTART;TZID=Europe/Vienna:20211104T123000
DTEND;TZID=Europe/Vienna:20211104T180000
SUMMARY:Project Time 4
DESCRIPTION:
END:VEVENT
BEGIN:VEVENT

SEQUENCE:0
DTSTAMP:
DTSTART;TZID=Europe/Vienna:20211105T093000
DTEND;TZID=Europe/Vienna:20211105T123000
SUMMARY:🧑‍🏫 Lecture 5
DESCRIPTION:
END:VEVENT
BEGIN:VEVENT

SEQUENCE:0
DTSTAMP:
DTSTART;TZID=Europe/Vienna:20211105T123000
DTEND;TZID=Europe/Vienna:20211105T170000
SUMMARY:Project Time 5
DESCRIPTION:
END:VEVENT
BEGIN:VEVENT

SEQUENCE:0
DTSTAMP:
DTSTART;TZID=Europe/Vienna:20211105T170000
DTEND;TZID=Europe/Vienna:20211105T180000
SUMMARY:Retro 1
DESCRIPTION:---\\\\nstartDate: { day: 'last'\\\\, week: 1 }\\\\n---
END:VEVENT
BEGIN:VEVENT

SEQUENCE:0
DTSTAMP:
DTSTART;TZID=Europe/Vienna:20211108T093000
DTEND;TZID=Europe/Vienna:20211108T123000
SUMMARY:🧑‍🏫 Lecture 6
DESCRIPTION:
END:VEVENT
BEGIN:VEVENT

SEQUENCE:0
DTSTAMP:
DTSTART;TZID=Europe/Vienna:20211108T123000
DTEND;TZID=Europe/Vienna:20211108T180000
SUMMARY:Project Time 6
DESCRIPTION:
END:VEVENT
BEGIN:VEVENT

SEQUENCE:0
DTSTAMP:
DTSTART;TZID=Europe/Vienna:20211109T093000
DTEND;TZID=Europe/Vienna:20211109T180000
SUMMARY:Project Time 7
DESCRIPTION:
END:VEVENT
BEGIN:VEVENT

SEQUENCE:0
DTSTAMP:
DTSTART;TZID=Europe/Vienna:20211110T093000
DTEND;TZID=Europe/Vienna:20211110T180000
SUMMARY:Project Time 8
DESCRIPTION:
END:VEVENT
BEGIN:VEVENT

SEQUENCE:0
DTSTAMP:
DTSTART;TZID=Europe/Vienna:20211111T093000
DTEND;TZID=Europe/Vienna:20211111T170000
SUMMARY:Project Time 9
DESCRIPTION:
END:VEVENT
BEGIN:VEVENT

SEQUENCE:0
DTSTAMP:
DTSTART;TZID=Europe/Vienna:20211111T170000
DTEND;TZID=Europe/Vienna:20211111T180000
SUMMARY:Retro 2
DESCRIPTION:---\\\\nstartDate: { day: 'last'\\\\, week: 2 }\\\\n---
END:VEVENT
END:VCALENDAR"
`;

exports[`throws error if output file location already exists 1`] = `"Error: Output file at __tests__/ical-move-events-input-calendar-moved.ics already exists!"`;
