// Vitest Snapshot v1, https://vitest.dev/guide/snapshot.html

exports[`moves calendar entries and saves file 1`] = `"Calendar events updated and saved in __tests__/ical-move-events-input-calendar-moved.ics"`;

exports[`moves calendar entries and saves file 2`] = `""`;

exports[`moves calendar entries and saves file 3`] = `
"BEGIN:VCALENDAR
VERSION:2.0
PRODID:-//sebbo.net//ical-generator//EN
BEGIN:VEVENT

SEQUENCE:0
DTSTAMP:
DTSTART;TZID=Europe/Vienna:20210823T090000
DTEND;TZID=Europe/Vienna:20210823T123000
SUMMARY:🧑‍🏫 Lecture 1 (pern-01-intro)
DESCRIPTION:
END:VEVENT
BEGIN:VEVENT

SEQUENCE:0
DTSTAMP:
DTSTART;TZID=Europe/Vienna:20210823T000000
DTEND;TZID=Europe/Vienna:20210826T000000
SUMMARY:🏗 Project 1 (pjct-react-1-landing-page-clone) (3 days)
DESCRIPTION:---\\\\nrelativeStartDate: { event: ['pern-01-intro'\\\\, 'start'] }
 \\\\n---
END:VEVENT
BEGIN:VEVENT

SEQUENCE:0
DTSTAMP:
DTSTART;TZID=Europe/Vienna:20210824T090000
DTEND;TZID=Europe/Vienna:20210824T093000
SUMMARY:Standup (repeating)
DESCRIPTION:
END:VEVENT
BEGIN:VEVENT

SEQUENCE:0
DTSTAMP:
DTSTART;TZID=Europe/Vienna:20210824T093000
DTEND;TZID=Europe/Vienna:20210824T123000
SUMMARY:🧑‍🏫 Lecture 2
DESCRIPTION:
END:VEVENT
BEGIN:VEVENT

SEQUENCE:0
DTSTAMP:
DTSTART;TZID=Europe/Vienna:20210824T000000
DTEND;TZID=Europe/Vienna:20210827T000000
SUMMARY:🏗 Project 2 (stretch) (3 days)
DESCRIPTION:---\\\\nrelativeStartDate: { event: ['pjct-react-1-landing-page-c
 lone'\\\\, 'end']\\\\, offset: -1 }\\\\n---
END:VEVENT
BEGIN:VEVENT

SEQUENCE:0
DTSTAMP:
DTSTART;TZID=Europe/Vienna:20210825T090000
DTEND;TZID=Europe/Vienna:20210825T093000
SUMMARY:Standup (repeating)
DESCRIPTION:
END:VEVENT
BEGIN:VEVENT

SEQUENCE:0
DTSTAMP:
DTSTART;TZID=Europe/Vienna:20210825T093000
DTEND;TZID=Europe/Vienna:20210825T123000
SUMMARY:🧑‍🏫 Lecture 3 (pern-03-problem-solving)
DESCRIPTION:
END:VEVENT
BEGIN:VEVENT

SEQUENCE:0
DTSTAMP:
DTSTART;TZID=Europe/Vienna:20210826T090000
DTEND;TZID=Europe/Vienna:20210826T093000
SUMMARY:Standup (repeating)
DESCRIPTION:
END:VEVENT
BEGIN:VEVENT

SEQUENCE:0
DTSTAMP:
DTSTART;TZID=Europe/Vienna:20210826T093000
DTEND;TZID=Europe/Vienna:20210826T123000
SUMMARY:🧑‍🏫 Lecture 4
DESCRIPTION:
END:VEVENT
BEGIN:VEVENT

SEQUENCE:0
DTSTAMP:
DTSTART;TZID=Europe/Vienna:20210825T000000
DTEND;TZID=Europe/Vienna:20210903T000000
SUMMARY:🏗 Project 3 (7 days)
DESCRIPTION:---\\\\nrelativeStartDate: { event: ['pern-03-problem-solving'\\\\, 
 'start'] }\\\\n---
END:VEVENT
BEGIN:VEVENT

SEQUENCE:0
DTSTAMP:
DTSTART;TZID=Europe/Vienna:20210827T090000
DTEND;TZID=Europe/Vienna:20210827T093000
SUMMARY:Standup (repeating)
DESCRIPTION:
END:VEVENT
BEGIN:VEVENT

SEQUENCE:0
DTSTAMP:
DTSTART;TZID=Europe/Vienna:20210827T093000
DTEND;TZID=Europe/Vienna:20210827T123000
SUMMARY:🧑‍🏫 Lecture 5
DESCRIPTION:
END:VEVENT
BEGIN:VEVENT

SEQUENCE:0
DTSTAMP:
DTSTART;TZID=Europe/Vienna:20210827T170000
DTEND;TZID=Europe/Vienna:20210827T180000
SUMMARY:Retro 1
DESCRIPTION:---\\\\nstartDate: { week: 1\\\\, day: -1 }\\\\n---
END:VEVENT
BEGIN:VEVENT

SEQUENCE:0
DTSTAMP:
DTSTART;TZID=Europe/Vienna:20210830T090000
DTEND;TZID=Europe/Vienna:20210830T093000
SUMMARY:Standup (repeating)
DESCRIPTION:
END:VEVENT
BEGIN:VEVENT

SEQUENCE:0
DTSTAMP:
DTSTART;TZID=Europe/Vienna:20210830T093000
DTEND;TZID=Europe/Vienna:20210830T123000
SUMMARY:🧑‍🏫 Lecture 6
DESCRIPTION:
END:VEVENT
BEGIN:VEVENT

SEQUENCE:0
DTSTAMP:
DTSTART;TZID=Europe/Vienna:20210831T140000
DTEND;TZID=Europe/Vienna:20210831T150000
SUMMARY:Figma intro
DESCRIPTION:---\\\\noptional: true\\\\nstartDate: { week: 2\\\\, day: 2 }\\\\n---
END:VEVENT
BEGIN:VEVENT

SEQUENCE:0
DTSTAMP:
DTSTART;TZID=Europe/Vienna:20210831T090000
DTEND;TZID=Europe/Vienna:20210831T093000
SUMMARY:Standup (repeating)
DESCRIPTION:
END:VEVENT
BEGIN:VEVENT

SEQUENCE:0
DTSTAMP:
DTSTART;TZID=Europe/Vienna:20210901T090000
DTEND;TZID=Europe/Vienna:20210901T093000
SUMMARY:Standup (repeating)
DESCRIPTION:
END:VEVENT
BEGIN:VEVENT

SEQUENCE:0
DTSTAMP:
DTSTART;TZID=Europe/Vienna:20210902T090000
DTEND;TZID=Europe/Vienna:20210902T093000
SUMMARY:Standup (repeating)
DESCRIPTION:
END:VEVENT
BEGIN:VEVENT

SEQUENCE:0
DTSTAMP:
DTSTART;TZID=Europe/Vienna:20210903T090000
DTEND;TZID=Europe/Vienna:20210903T093000
SUMMARY:Standup (repeating)
DESCRIPTION:
END:VEVENT
BEGIN:VEVENT

SEQUENCE:0
DTSTAMP:
DTSTART;TZID=Europe/Vienna:20210903T170000
DTEND;TZID=Europe/Vienna:20210903T180000
SUMMARY:Retro 2
DESCRIPTION:---\\\\nstartDate: { week: 2\\\\, day: -1 }\\\\n---
END:VEVENT
BEGIN:VEVENT

SEQUENCE:0
DTSTAMP:
DTSTART:20210823T103000Z
DTEND:20210823T160000Z
SUMMARY:Project Time
END:VEVENT
BEGIN:VEVENT

SEQUENCE:0
DTSTAMP:
DTSTART:20210824T103000Z
DTEND:20210824T160000Z
SUMMARY:Project Time
END:VEVENT
BEGIN:VEVENT

SEQUENCE:0
DTSTAMP:
DTSTART:20210825T103000Z
DTEND:20210825T160000Z
SUMMARY:Project Time
END:VEVENT
BEGIN:VEVENT

SEQUENCE:0
DTSTAMP:
DTSTART:20210826T103000Z
DTEND:20210826T160000Z
SUMMARY:Project Time
END:VEVENT
BEGIN:VEVENT

SEQUENCE:0
DTSTAMP:
DTSTART:20210827T103000Z
DTEND:20210827T150000Z
SUMMARY:Project Time
END:VEVENT
BEGIN:VEVENT

SEQUENCE:0
DTSTAMP:
DTSTART:20210830T103000Z
DTEND:20210830T160000Z
SUMMARY:Project Time
END:VEVENT
BEGIN:VEVENT

SEQUENCE:0
DTSTAMP:
DTSTART:20210831T073000Z
DTEND:20210831T160000Z
SUMMARY:Project Time
END:VEVENT
BEGIN:VEVENT

SEQUENCE:0
DTSTAMP:
DTSTART:20210901T073000Z
DTEND:20210901T160000Z
SUMMARY:Project Time
END:VEVENT
BEGIN:VEVENT

SEQUENCE:0
DTSTAMP:
DTSTART:20210902T073000Z
DTEND:20210902T160000Z
SUMMARY:Project Time
END:VEVENT
BEGIN:VEVENT

SEQUENCE:0
DTSTAMP:
DTSTART:20210903T073000Z
DTEND:20210903T150000Z
SUMMARY:Project Time
END:VEVENT
END:VCALENDAR"
`;

exports[`moves calendar entries and saves file, taking into account holiday and timezone change from Daylight Savings Time 1`] = `"Calendar events updated and saved in __tests__/ical-move-events-input-calendar-moved.ics"`;

exports[`moves calendar entries and saves file, taking into account holiday and timezone change from Daylight Savings Time 2`] = `""`;

exports[`moves calendar entries and saves file, taking into account holiday and timezone change from Daylight Savings Time 3`] = `
"BEGIN:VCALENDAR
VERSION:2.0
PRODID:-//sebbo.net//ical-generator//EN
BEGIN:VEVENT

SEQUENCE:0
DTSTAMP:
DTSTART;TZID=Europe/Vienna:20211101T090000
DTEND;TZID=Europe/Vienna:20211101T123000
SUMMARY:🧑‍🏫 Lecture 1 (pern-01-intro)
DESCRIPTION:
END:VEVENT
BEGIN:VEVENT

SEQUENCE:0
DTSTAMP:
DTSTART;TZID=Europe/Vienna:20211101T000000
DTEND;TZID=Europe/Vienna:20211104T000000
SUMMARY:🏗 Project 1 (pjct-react-1-landing-page-clone) (3 days)
DESCRIPTION:---\\\\nrelativeStartDate: { event: ['pern-01-intro'\\\\, 'start'] }
 \\\\n---
END:VEVENT
BEGIN:VEVENT

SEQUENCE:0
DTSTAMP:
DTSTART;TZID=Europe/Vienna:20211102T090000
DTEND;TZID=Europe/Vienna:20211102T093000
SUMMARY:Standup (repeating)
DESCRIPTION:
END:VEVENT
BEGIN:VEVENT

SEQUENCE:0
DTSTAMP:
DTSTART;TZID=Europe/Vienna:20211102T093000
DTEND;TZID=Europe/Vienna:20211102T123000
SUMMARY:🧑‍🏫 Lecture 2
DESCRIPTION:
END:VEVENT
BEGIN:VEVENT

SEQUENCE:0
DTSTAMP:
DTSTART;TZID=Europe/Vienna:20211102T000000
DTEND;TZID=Europe/Vienna:20211105T000000
SUMMARY:🏗 Project 2 (stretch) (3 days)
DESCRIPTION:---\\\\nrelativeStartDate: { event: ['pjct-react-1-landing-page-c
 lone'\\\\, 'end']\\\\, offset: -1 }\\\\n---
END:VEVENT
BEGIN:VEVENT

SEQUENCE:0
DTSTAMP:
DTSTART;TZID=Europe/Vienna:20211103T090000
DTEND;TZID=Europe/Vienna:20211103T093000
SUMMARY:Standup (repeating)
DESCRIPTION:
END:VEVENT
BEGIN:VEVENT

SEQUENCE:0
DTSTAMP:
DTSTART;TZID=Europe/Vienna:20211103T093000
DTEND;TZID=Europe/Vienna:20211103T123000
SUMMARY:🧑‍🏫 Lecture 3 (pern-03-problem-solving)
DESCRIPTION:
END:VEVENT
BEGIN:VEVENT

SEQUENCE:0
DTSTAMP:
DTSTART;TZID=Europe/Vienna:20211104T090000
DTEND;TZID=Europe/Vienna:20211104T093000
SUMMARY:Standup (repeating)
DESCRIPTION:
END:VEVENT
BEGIN:VEVENT

SEQUENCE:0
DTSTAMP:
DTSTART;TZID=Europe/Vienna:20211104T093000
DTEND;TZID=Europe/Vienna:20211104T123000
SUMMARY:🧑‍🏫 Lecture 4
DESCRIPTION:
END:VEVENT
BEGIN:VEVENT

SEQUENCE:0
DTSTAMP:
DTSTART;TZID=Europe/Vienna:20211103T000000
DTEND;TZID=Europe/Vienna:20211112T000000
SUMMARY:🏗 Project 3 (7 days)
DESCRIPTION:---\\\\nrelativeStartDate: { event: ['pern-03-problem-solving'\\\\, 
 'start'] }\\\\n---
END:VEVENT
BEGIN:VEVENT

SEQUENCE:0
DTSTAMP:
DTSTART;TZID=Europe/Vienna:20211105T090000
DTEND;TZID=Europe/Vienna:20211105T093000
SUMMARY:Standup (repeating)
DESCRIPTION:
END:VEVENT
BEGIN:VEVENT

SEQUENCE:0
DTSTAMP:
DTSTART;TZID=Europe/Vienna:20211105T093000
DTEND;TZID=Europe/Vienna:20211105T123000
SUMMARY:🧑‍🏫 Lecture 5
DESCRIPTION:
END:VEVENT
BEGIN:VEVENT

SEQUENCE:0
DTSTAMP:
DTSTART;TZID=Europe/Vienna:20211105T170000
DTEND;TZID=Europe/Vienna:20211105T180000
SUMMARY:Retro 1
DESCRIPTION:---\\\\nstartDate: { week: 1\\\\, day: -1 }\\\\n---
END:VEVENT
BEGIN:VEVENT

SEQUENCE:0
DTSTAMP:
DTSTART;TZID=Europe/Vienna:20211108T090000
DTEND;TZID=Europe/Vienna:20211108T093000
SUMMARY:Standup (repeating)
DESCRIPTION:
END:VEVENT
BEGIN:VEVENT

SEQUENCE:0
DTSTAMP:
DTSTART;TZID=Europe/Vienna:20211108T093000
DTEND;TZID=Europe/Vienna:20211108T123000
SUMMARY:🧑‍🏫 Lecture 6
DESCRIPTION:
END:VEVENT
BEGIN:VEVENT

SEQUENCE:0
DTSTAMP:
DTSTART;TZID=Europe/Vienna:20211109T140000
DTEND;TZID=Europe/Vienna:20211109T150000
SUMMARY:Figma intro
DESCRIPTION:---\\\\noptional: true\\\\nstartDate: { week: 2\\\\, day: 2 }\\\\n---
END:VEVENT
BEGIN:VEVENT

SEQUENCE:0
DTSTAMP:
DTSTART;TZID=Europe/Vienna:20211109T090000
DTEND;TZID=Europe/Vienna:20211109T093000
SUMMARY:Standup (repeating)
DESCRIPTION:
END:VEVENT
BEGIN:VEVENT

SEQUENCE:0
DTSTAMP:
DTSTART;TZID=Europe/Vienna:20211110T090000
DTEND;TZID=Europe/Vienna:20211110T093000
SUMMARY:Standup (repeating)
DESCRIPTION:
END:VEVENT
BEGIN:VEVENT

SEQUENCE:0
DTSTAMP:
DTSTART;TZID=Europe/Vienna:20211111T090000
DTEND;TZID=Europe/Vienna:20211111T093000
SUMMARY:Standup (repeating)
DESCRIPTION:
END:VEVENT
BEGIN:VEVENT

SEQUENCE:0
DTSTAMP:
DTSTART;TZID=Europe/Vienna:20211112T090000
DTEND;TZID=Europe/Vienna:20211112T093000
SUMMARY:Standup (repeating)
DESCRIPTION:
END:VEVENT
BEGIN:VEVENT

SEQUENCE:0
DTSTAMP:
DTSTART;TZID=Europe/Vienna:20211112T170000
DTEND;TZID=Europe/Vienna:20211112T180000
SUMMARY:Retro 2
DESCRIPTION:---\\\\nstartDate: { week: 2\\\\, day: -1 }\\\\n---
END:VEVENT
BEGIN:VEVENT

SEQUENCE:0
DTSTAMP:
DTSTART:20211101T113000Z
DTEND:20211101T170000Z
SUMMARY:Project Time
END:VEVENT
BEGIN:VEVENT

SEQUENCE:0
DTSTAMP:
DTSTART:20211102T113000Z
DTEND:20211102T170000Z
SUMMARY:Project Time
END:VEVENT
BEGIN:VEVENT

SEQUENCE:0
DTSTAMP:
DTSTART:20211103T113000Z
DTEND:20211103T170000Z
SUMMARY:Project Time
END:VEVENT
BEGIN:VEVENT

SEQUENCE:0
DTSTAMP:
DTSTART:20211104T113000Z
DTEND:20211104T170000Z
SUMMARY:Project Time
END:VEVENT
BEGIN:VEVENT

SEQUENCE:0
DTSTAMP:
DTSTART:20211105T113000Z
DTEND:20211105T160000Z
SUMMARY:Project Time
END:VEVENT
BEGIN:VEVENT

SEQUENCE:0
DTSTAMP:
DTSTART:20211108T113000Z
DTEND:20211108T170000Z
SUMMARY:Project Time
END:VEVENT
BEGIN:VEVENT

SEQUENCE:0
DTSTAMP:
DTSTART:20211109T083000Z
DTEND:20211109T170000Z
SUMMARY:Project Time
END:VEVENT
BEGIN:VEVENT

SEQUENCE:0
DTSTAMP:
DTSTART:20211110T083000Z
DTEND:20211110T170000Z
SUMMARY:Project Time
END:VEVENT
BEGIN:VEVENT

SEQUENCE:0
DTSTAMP:
DTSTART:20211111T083000Z
DTEND:20211111T170000Z
SUMMARY:Project Time
END:VEVENT
BEGIN:VEVENT

SEQUENCE:0
DTSTAMP:
DTSTART:20211112T083000Z
DTEND:20211112T160000Z
SUMMARY:Project Time
END:VEVENT
END:VCALENDAR"
`;

exports[`throws error if output file location already exists 1`] = `"Error: Output file at __tests__/ical-move-events-input-calendar-moved.ics already exists!"`;
